// Jest Snapshot v1, https://goo.gl/fbAQLP

exports[`<AccountSelector  /> should match snapshot 1`] = `
.c14 {
  display: inline-block;
  -webkit-flex: 0 0 auto;
  -ms-flex: 0 0 auto;
  flex: 0 0 auto;
  width: 20px;
  height: 20px;
  fill: #fff;
  stroke: #fff;
}

.c14 g {
  fill: inherit;
  stroke: inherit;
}

.c14 *:not([stroke])[fill='none'] {
  stroke-width: 0;
}

.c14 *[stroke*='#'],
.c14 *[STROKE*='#'] {
  stroke: inherit;
  fill: none;
}

.c14 *[fill-rule],
.c14 *[FILL-RULE],
.c14 *[fill*='#'],
.c14 *[FILL*='#'] {
  fill: inherit;
  stroke: none;
}

.c21 {
  display: inline-block;
  -webkit-flex: 0 0 auto;
  -ms-flex: 0 0 auto;
  flex: 0 0 auto;
  width: 20px;
  height: 20px;
  fill: currentColor;
  stroke: currentColor;
}

.c21 g {
  fill: inherit;
  stroke: inherit;
}

.c21 *:not([stroke])[fill='none'] {
  stroke-width: 0;
}

.c21 *[stroke*='#'],
.c21 *[STROKE*='#'] {
  stroke: inherit;
  fill: none;
}

.c21 *[fill-rule],
.c21 *[FILL-RULE],
.c21 *[fill*='#'],
.c21 *[FILL*='#'] {
  fill: inherit;
  stroke: none;
}

.c0 {
  font-family: Rubik,sans-serif;
  font-size: 16px;
  line-height: 20px;
  background-color: #ffffff;
  color: #16213E;
  box-sizing: border-box;
  -webkit-text-size-adjust: 100%;
  -ms-text-size-adjust: 100%;
  -moz-osx-font-smoothing: grayscale;
  -webkit-font-smoothing: antialiased;
}

.c1 {
  display: -webkit-box;
  display: -webkit-flex;
  display: -ms-flexbox;
  display: flex;
  box-sizing: border-box;
  max-width: 100%;
  min-width: 0;
  min-height: 0;
  -webkit-flex-direction: column;
  -ms-flex-direction: column;
  flex-direction: column;
  -webkit-flex: 1 0 auto;
  -ms-flex: 1 0 auto;
  flex: 1 0 auto;
  -webkit-box-pack: justify;
  -webkit-justify-content: space-between;
  -ms-flex-pack: justify;
  justify-content: space-between;
}

.c3 {
  display: -webkit-box;
  display: -webkit-flex;
  display: -ms-flexbox;
  display: flex;
  box-sizing: border-box;
  max-width: 100%;
  border: solid 1px #0500e2;
  min-width: 0;
  min-height: 0;
  -webkit-flex-direction: row;
  -ms-flex-direction: row;
  flex-direction: row;
  -webkit-flex: 0 0 auto;
  -ms-flex: 0 0 auto;
  flex: 0 0 auto;
  padding: 12px;
  border-radius: 5px;
  cursor: pointer;
}

.c3:hover {
  background-color: rgba(183,183,183,0.5);
  color: black;
}

.c4 {
  display: -webkit-box;
  display: -webkit-flex;
  display: -ms-flexbox;
  display: flex;
  box-sizing: border-box;
  max-width: 100%;
  min-width: 0;
  min-height: 0;
  -webkit-flex-direction: column;
  -ms-flex-direction: column;
  flex-direction: column;
  width: 100%;
}

.c5 {
  display: -webkit-box;
  display: -webkit-flex;
  display: -ms-flexbox;
  display: flex;
  box-sizing: border-box;
  max-width: 100%;
  min-width: 0;
  min-height: 0;
  -webkit-flex-direction: column;
  -ms-flex-direction: column;
  flex-direction: column;
}

.c7 {
  display: -webkit-box;
  display: -webkit-flex;
  display: -ms-flexbox;
  display: flex;
  box-sizing: border-box;
  max-width: 100%;
  min-width: 0;
  min-height: 0;
  -webkit-flex-direction: row;
  -ms-flex-direction: row;
  flex-direction: row;
  -webkit-flex-wrap: wrap;
  -ms-flex-wrap: wrap;
  flex-wrap: wrap;
}

.c8 {
  display: -webkit-box;
  display: -webkit-flex;
  display: -ms-flexbox;
  display: flex;
  box-sizing: border-box;
  max-width: 100%;
  min-width: 0;
  min-height: 0;
  -webkit-flex-direction: row;
  -ms-flex-direction: row;
  flex-direction: row;
}

.c12 {
  display: -webkit-box;
  display: -webkit-flex;
  display: -ms-flexbox;
  display: flex;
  box-sizing: border-box;
  max-width: 100%;
  -webkit-align-items: center;
  -webkit-box-align: center;
  -ms-flex-align: center;
  align-items: center;
  min-width: 0;
  min-height: 0;
  -webkit-flex-direction: row;
  -ms-flex-direction: row;
  flex-direction: row;
}

.c15 {
  display: -webkit-box;
  display: -webkit-flex;
  display: -ms-flexbox;
  display: flex;
  box-sizing: border-box;
  max-width: 100%;
  -webkit-align-self: center;
  -ms-flex-item-align: center;
  align-self: center;
  margin-left: auto;
  min-width: 0;
  min-height: 0;
  -webkit-flex-direction: column;
  -ms-flex-direction: column;
  flex-direction: column;
  height: 24px;
}

.c18 {
  display: -webkit-box;
  display: -webkit-flex;
  display: -ms-flexbox;
  display: flex;
  box-sizing: border-box;
  max-width: 100%;
  min-width: 0;
  min-height: 0;
  -webkit-flex-direction: row;
  -ms-flex-direction: row;
  flex-direction: row;
  -webkit-box-pack: justify;
  -webkit-justify-content: space-between;
  -ms-flex-pack: justify;
  justify-content: space-between;
}

.c20 {
  display: -webkit-box;
  display: -webkit-flex;
  display: -ms-flexbox;
  display: flex;
  box-sizing: border-box;
  max-width: 100%;
  -webkit-align-items: center;
  -webkit-box-align: center;
  -ms-flex-align: center;
  align-items: center;
  min-width: 0;
  min-height: 0;
  -webkit-flex-direction: row;
  -ms-flex-direction: row;
  flex-direction: row;
  -webkit-box-pack: center;
  -webkit-justify-content: center;
  -ms-flex-pack: center;
  justify-content: center;
}

.c2 {
  display: -webkit-box;
  display: -webkit-flex;
  display: -ms-flexbox;
  display: flex;
  box-sizing: border-box;
  max-width: 100%;
  margin-bottom: 48px;
  margin-left: -2px;
  min-width: 0;
  min-height: 0;
  -webkit-flex-direction: column;
  -ms-flex-direction: column;
  flex-direction: column;
  padding-left: 2px;
  padding-right: 12px;
  overflow-y: auto;
}

.c11 {
  -webkit-flex: 0 0 auto;
  -ms-flex: 0 0 auto;
  flex: 0 0 auto;
  -webkit-align-self: stretch;
  -ms-flex-item-align: stretch;
  align-self: stretch;
  width: 12px;
}

.c17 {
  -webkit-flex: 0 0 auto;
  -ms-flex: 0 0 auto;
  flex: 0 0 auto;
  -webkit-align-self: stretch;
  -ms-flex-item-align: stretch;
  align-self: stretch;
  height: 24px;
}

.c22 {
  -webkit-flex: 0 0 auto;
  -ms-flex: 0 0 auto;
  flex: 0 0 auto;
  -webkit-align-self: stretch;
  -ms-flex-item-align: stretch;
  align-self: stretch;
  width: 12px;
}

.c23 {
  -webkit-flex: 0 0 auto;
  -ms-flex: 0 0 auto;
  flex: 0 0 auto;
  -webkit-align-self: stretch;
  -ms-flex-item-align: stretch;
  align-self: stretch;
  width: 24px;
}

.c6 {
  font-size: 16px;
  line-height: 20px;
  font-weight: bold;
}

.c16 {
  font-size: 16px;
  line-height: 20px;
  color: #0500e2;
}

.c9 {
  display: inline-block;
  box-sizing: border-box;
  cursor: pointer;
  font: inherit;
  -webkit-text-decoration: none;
  text-decoration: none;
  margin: 0;
  background: transparent;
  overflow: visible;
  text-transform: none;
  border: 2px solid #0500e2;
  border-radius: 18px;
  color: #16213E;
  padding: 4px 20px;
  font-size: 14px;
  line-height: 20px;
  background-color: #0500e2;
  color: #F8F8F8;
  border-radius: 18px;
  -webkit-transition-property: color,background-color,border-color,box-shadow;
  transition-property: color,background-color,border-color,box-shadow;
  -webkit-transition-duration: 0.1s;
  transition-duration: 0.1s;
  -webkit-transition-timing-function: ease-in-out;
  transition-timing-function: ease-in-out;
  font-weight: bold;
}

.c9:hover {
  background-color: rgba(183,183,183,0.4);
  color: #000000;
  box-shadow: 0px 0px 0px 2px #0500e2;
}

.c9:focus {
  outline: none;
  box-shadow: 0 0 2px 2px #00A9FF;
}

.c9:focus > circle,
.c9:focus > ellipse,
.c9:focus > line,
.c9:focus > path,
.c9:focus > polygon,
.c9:focus > polyline,
.c9:focus > rect {
  outline: none;
  box-shadow: 0 0 2px 2px #00A9FF;
}

.c9:focus::-moz-focus-inner {
  border: 0;
}

.c9:focus:not(:focus-visible) {
  outline: none;
  box-shadow: none;
}

.c9:focus:not(:focus-visible) > circle,
.c9:focus:not(:focus-visible) > ellipse,
.c9:focus:not(:focus-visible) > line,
.c9:focus:not(:focus-visible) > path,
.c9:focus:not(:focus-visible) > polygon,
.c9:focus:not(:focus-visible) > polyline,
.c9:focus:not(:focus-visible) > rect {
  outline: none;
  box-shadow: none;
}

.c9:focus:not(:focus-visible)::-moz-focus-inner {
  border: 0;
}

.c19 {
  display: inline-block;
  box-sizing: border-box;
  cursor: pointer;
  font: inherit;
  -webkit-text-decoration: none;
  text-decoration: none;
  margin: 0;
  background: transparent;
  overflow: visible;
  text-transform: none;
  border: 2px solid #0500e2;
  border-radius: 4px;
  color: #16213E;
  padding: 4px 22px;
  font-size: 16px;
  line-height: 20px;
  -webkit-transition-property: color,background-color,border-color,box-shadow;
  transition-property: color,background-color,border-color,box-shadow;
  -webkit-transition-duration: 0.1s;
  transition-duration: 0.1s;
  -webkit-transition-timing-function: ease-in-out;
  transition-timing-function: ease-in-out;
  font-weight: bold;
}

.c19:hover {
  box-shadow: 0px 0px 0px 2px #0500e2;
}

.c19:focus {
  outline: none;
  box-shadow: 0 0 2px 2px #00A9FF;
}

.c19:focus > circle,
.c19:focus > ellipse,
.c19:focus > line,
.c19:focus > path,
.c19:focus > polygon,
.c19:focus > polyline,
.c19:focus > rect {
  outline: none;
  box-shadow: 0 0 2px 2px #00A9FF;
}

.c19:focus::-moz-focus-inner {
  border: 0;
}

.c19:focus:not(:focus-visible) {
  outline: none;
  box-shadow: none;
}

.c19:focus:not(:focus-visible) > circle,
.c19:focus:not(:focus-visible) > ellipse,
.c19:focus:not(:focus-visible) > line,
.c19:focus:not(:focus-visible) > path,
.c19:focus:not(:focus-visible) > polygon,
.c19:focus:not(:focus-visible) > polyline,
.c19:focus:not(:focus-visible) > rect {
  outline: none;
  box-shadow: none;
}

.c19:focus:not(:focus-visible)::-moz-focus-inner {
  border: 0;
}

.c24 {
  display: inline-block;
  box-sizing: border-box;
  cursor: pointer;
  font: inherit;
  -webkit-text-decoration: none;
  text-decoration: none;
  margin: 0;
  background: transparent;
  overflow: visible;
  text-transform: none;
  border: 2px solid #0500e2;
  border-radius: 4px;
  color: #16213E;
  padding: 4px 22px;
  font-size: 16px;
  line-height: 20px;
  background-color: #0500e2;
  color: #F8F8F8;
  border-radius: 4px;
  -webkit-transition-property: color,background-color,border-color,box-shadow;
  transition-property: color,background-color,border-color,box-shadow;
  -webkit-transition-duration: 0.1s;
  transition-duration: 0.1s;
  -webkit-transition-timing-function: ease-in-out;
  transition-timing-function: ease-in-out;
  font-weight: bold;
}

.c24:hover {
  box-shadow: 0px 0px 0px 2px #0500e2;
}

.c24:focus {
  outline: none;
  box-shadow: 0 0 2px 2px #00A9FF;
}

.c24:focus > circle,
.c24:focus > ellipse,
.c24:focus > line,
.c24:focus > path,
.c24:focus > polygon,
.c24:focus > polyline,
.c24:focus > rect {
  outline: none;
  box-shadow: 0 0 2px 2px #00A9FF;
}

.c24:focus::-moz-focus-inner {
  border: 0;
}

.c24:focus:not(:focus-visible) {
  outline: none;
  box-shadow: none;
}

.c24:focus:not(:focus-visible) > circle,
.c24:focus:not(:focus-visible) > ellipse,
.c24:focus:not(:focus-visible) > line,
.c24:focus:not(:focus-visible) > path,
.c24:focus:not(:focus-visible) > polygon,
.c24:focus:not(:focus-visible) > polyline,
.c24:focus:not(:focus-visible) > rect {
  outline: none;
  box-shadow: none;
}

.c24:focus:not(:focus-visible)::-moz-focus-inner {
  border: 0;
}

.c13 {
  display: -webkit-box;
  display: -webkit-flex;
  display: -ms-flexbox;
  display: flex;
  -webkit-box-pack: center;
  -webkit-justify-content: center;
  -ms-flex-pack: center;
  justify-content: center;
  -webkit-align-items: center;
  -webkit-box-align: center;
  -ms-flex-align: center;
  align-items: center;
  width: 32px;
  height: 32px;
  min-width: 32px;
  border-radius: 50%;
  background-color: #0092F6;
}

.c10 {
  border-radius: 4px;
}

@media only screen and (max-width:768px) {

}

@media only screen and (max-width:768px) {

}

@media only screen and (max-width:768px) {

}

@media only screen and (max-width:768px) {

}

@media only screen and (max-width:768px) {
  .c3 {
    border: solid 1px #0500e2;
  }
}

@media only screen and (max-width:768px) {
  .c3 {
    padding: 6px;
  }
}

@media only screen and (max-width:768px) {
  .c15 {
    margin-left: auto;
  }
}

@media only screen and (max-width:768px) {
  .c2 {
    margin-bottom: 24px;
  }
}

@media only screen and (max-width:768px) {
  .c2 {
    margin-left: -2px;
  }
}

@media only screen and (max-width:768px) {
  .c2 {
    padding-left: 2px;
  }
}

@media only screen and (max-width:768px) {
  .c2 {
    padding-right: 6px;
  }
}

@media only screen and (max-width:768px) {

}

@media only screen and (max-width:768px) {
  .c11 {
    width: 6px;
  }
}

@media only screen and (max-width:768px) {
  .c17 {
    height: 12px;
  }
}

@media only screen and (max-width:768px) {
  .c23 {
    width: 12px;
  }
}

<body>
  <div>
    <div
      class="c0"
      style="min-height: 100dvh;"
    >
      <div
        class="c1"
      >
        <div
          class="c2"
          style="max-height: 400px;"
        >
          <div
            aria-checked="false"
            class="c3"
            data-testid="account-choice"
            role="checkbox"
            tabindex="0"
          >
            <div
              class="c4"
            >
              <div
                class="c5"
              >
                <span
                  class="c6"
                >
                  <span
                    class="notranslate"
                    translate="no"
                  >
                    oasis1qq3x...rscnlwxe
                  </span>
                </span>
              </div>
              <div
                class="c7"
              >
                <div
                  class="c8"
                >
                  <button
                    class="c9 c10"
                    type="button"
                  >
                    toolbar.settings.manageAccount
                  </button>
                </div>
                <div
                  class="c11"
                />
                <div
                  class="c12"
                >
                  <div
                    class="c13"
                    color="#0092F6"
                  >
                    <svg
                      aria-label="icons.usb"
                      class="c14"
                      viewBox="0 0 24 24"
                    >
                      <path
                        d="M15 7v4h1v2h-3V5h2l-3-4-3 4h2v8H8v-2.07c.7-.37 1.2-1.08 1.2-1.93 0-1.21-.99-2.2-2.2-2.2-1.21 0-2.2.99-2.2 2.2 0 .85.5 1.56 1.2 1.93V13c0 1.11.89 2 2 2h3v3.05c-.71.37-1.2 1.1-1.2 1.95 0 1.22.99 2.2 2.2 2.2 1.21 0 2.2-.98 2.2-2.2 0-.85-.49-1.58-1.2-1.95V15h3c1.11 0 2-.89 2-2v-2h1V7z"
                      />
                    </svg>
                  </div>
                </div>
                <div
                  class="c11"
                />
                <div
                  class="c15"
                >
                  <span>
                    <div
                      class="c5"
                      style="display: inline-flex; white-space: nowrap; font-family: "Roboto mono", monospace; letter-spacing: 0;"
                    >
                      0.0000001
                    </div>
                    <span
                      class="c16"
                    >
                      <span
                        class="notranslate"
                        translate="no"
                      >
                         TEST
                      </span>
                    </span>
                  </span>
                </div>
              </div>
            </div>
          </div>
        </div>
        <div
          class="c17"
        />
        <div
          class="c18"
        >
          <a
            aria-label="menu.addAccounts"
            href="/"
          >
            <button
              class="c19"
              tabindex="-1"
              type="button"
            >
              <div
                class="c20"
              >
                <svg
                  class="c21"
                  viewBox="0 0 24 24"
                >
                  <path
                    d="M12 22V2M2 12h20"
                    fill="none"
                    stroke="#000"
                    stroke-width="2"
                  />
                </svg>
                <div
                  class="c22"
                />
                menu.addAccounts
              </div>
            </button>
          </a>
          <div
            class="c23"
          />
          <button
            class="c24"
            type="button"
          >
            toolbar.wallets.select
          </button>
        </div>
      </div>
    </div>
  </div>
</body>
`;
