// Jest Snapshot v1, https://goo.gl/fbAQLP

exports[`<ReclaimEscrowForm /> should match snapshot 1`] = `
.c2 {
  display: -webkit-box;
  display: -webkit-flex;
  display: -ms-flexbox;
  display: flex;
  box-sizing: border-box;
  max-width: 100%;
  min-width: 0;
  min-height: 0;
  -webkit-flex-direction: column;
  -ms-flex-direction: column;
  flex-direction: column;
}

.c7 {
  display: -webkit-box;
  display: -webkit-flex;
  display: -ms-flexbox;
  display: flex;
  box-sizing: border-box;
  max-width: 100%;
  margin-top: 6px;
  -webkit-align-items: flex-end;
  -webkit-box-align: flex-end;
  -ms-flex-align: flex-end;
  align-items: flex-end;
  min-width: 0;
  min-height: 0;
  -webkit-flex-direction: column;
  -ms-flex-direction: column;
  flex-direction: column;
}

.c10 {
  display: -webkit-box;
  display: -webkit-flex;
  display: -ms-flexbox;
  display: flex;
  box-sizing: border-box;
  max-width: 100%;
  min-width: 0;
  min-height: 0;
  -webkit-flex-direction: row;
  -ms-flex-direction: row;
  flex-direction: row;
  height: 46px;
}

.c1 {
  display: -webkit-box;
  display: -webkit-flex;
  display: -ms-flexbox;
  display: flex;
  box-sizing: border-box;
  max-width: 100%;
  min-width: 0;
  min-height: 0;
  -webkit-flex-direction: column;
  -ms-flex-direction: column;
  flex-direction: column;
  padding-top: 12px;
}

.c11 {
  display: -webkit-box;
  display: -webkit-flex;
  display: -ms-flexbox;
  display: flex;
  box-sizing: border-box;
  max-width: 100%;
  min-width: 0;
  min-height: 0;
  -webkit-flex-direction: column;
  -ms-flex-direction: column;
  flex-direction: column;
  width: 100%;
  height: 100%;
}

.c13 {
  -webkit-flex: 0 0 auto;
  -ms-flex: 0 0 auto;
  flex: 0 0 auto;
  -webkit-align-self: stretch;
  -ms-flex-item-align: stretch;
  align-self: stretch;
  width: 24px;
}

.c9 {
  -webkit-flex: 0 0 auto;
  -ms-flex: 0 0 auto;
  flex: 0 0 auto;
  -webkit-align-self: stretch;
  -ms-flex-item-align: stretch;
  align-self: stretch;
  height: 24px;
}

.c5 {
  font-size: 12px;
  line-height: 18px;
  color: #0500e2;
  font-weight: 600;
}

.c8 {
  font-size: 14px;
  line-height: 20px;
  font-weight: bolder;
}

.c12 {
  display: inline-block;
  box-sizing: border-box;
  cursor: pointer;
  font: inherit;
  -webkit-text-decoration: none;
  text-decoration: none;
  margin: 0;
  background: transparent;
  overflow: visible;
  text-transform: none;
  border: 2px solid #0500e2;
  border-radius: 4px;
  color: #16213E;
  padding: 4px 22px;
  font-size: 16px;
  line-height: 20px;
  background-color: #0500e2;
  color: #F8F8F8;
  border-radius: 4px;
  -webkit-transition-property: color,background-color,border-color,box-shadow;
  transition-property: color,background-color,border-color,box-shadow;
  -webkit-transition-duration: 0.1s;
  transition-duration: 0.1s;
  -webkit-transition-timing-function: ease-in-out;
  transition-timing-function: ease-in-out;
  width: 100%;
  height: 100%;
  max-width: none;
  -webkit-flex: 1 0 auto;
  -ms-flex: 1 0 auto;
  flex: 1 0 auto;
  font-weight: bold;
}

.c12:hover {
  box-shadow: 0px 0px 0px 2px #0500e2;
}

.c12:focus {
  outline: none;
  box-shadow: 0 0 2px 2px #00A9FF;
}

.c12:focus > circle,
.c12:focus > ellipse,
.c12:focus > line,
.c12:focus > path,
.c12:focus > polygon,
.c12:focus > polyline,
.c12:focus > rect {
  outline: none;
  box-shadow: 0 0 2px 2px #00A9FF;
}

.c12:focus::-moz-focus-inner {
  border: 0;
}

.c12:focus:not(:focus-visible) {
  outline: none;
  box-shadow: none;
}

.c12:focus:not(:focus-visible) > circle,
.c12:focus:not(:focus-visible) > ellipse,
.c12:focus:not(:focus-visible) > line,
.c12:focus:not(:focus-visible) > path,
.c12:focus:not(:focus-visible) > polygon,
.c12:focus:not(:focus-visible) > polyline,
.c12:focus:not(:focus-visible) > rect {
  outline: none;
  box-shadow: none;
}

.c12:focus:not(:focus-visible)::-moz-focus-inner {
  border: 0;
}

.c14 {
  display: inline-block;
  box-sizing: border-box;
  cursor: pointer;
  font: inherit;
  -webkit-text-decoration: none;
  text-decoration: none;
  margin: 0;
  background: transparent;
  overflow: visible;
  text-transform: none;
  border: 2px solid #0500e2;
  border-radius: 4px;
  color: #16213E;
  padding: 4px 22px;
  font-size: 16px;
  line-height: 20px;
  -webkit-transition-property: color,background-color,border-color,box-shadow;
  transition-property: color,background-color,border-color,box-shadow;
  -webkit-transition-duration: 0.1s;
  transition-duration: 0.1s;
  -webkit-transition-timing-function: ease-in-out;
  transition-timing-function: ease-in-out;
  width: 100%;
  height: 100%;
  max-width: none;
  -webkit-flex: 1 0 auto;
  -ms-flex: 1 0 auto;
  flex: 1 0 auto;
  font-weight: bold;
}

.c14:hover {
  box-shadow: 0px 0px 0px 2px #0500e2;
}

.c14:focus {
  outline: none;
  box-shadow: 0 0 2px 2px #00A9FF;
}

.c14:focus > circle,
.c14:focus > ellipse,
.c14:focus > line,
.c14:focus > path,
.c14:focus > polygon,
.c14:focus > polyline,
.c14:focus > rect {
  outline: none;
  box-shadow: 0 0 2px 2px #00A9FF;
}

.c14:focus::-moz-focus-inner {
  border: 0;
}

.c14:focus:not(:focus-visible) {
  outline: none;
  box-shadow: none;
}

.c14:focus:not(:focus-visible) > circle,
.c14:focus:not(:focus-visible) > ellipse,
.c14:focus:not(:focus-visible) > line,
.c14:focus:not(:focus-visible) > path,
.c14:focus:not(:focus-visible) > polygon,
.c14:focus:not(:focus-visible) > polyline,
.c14:focus:not(:focus-visible) > rect {
  outline: none;
  box-shadow: none;
}

.c14:focus:not(:focus-visible)::-moz-focus-inner {
  border: 0;
}

.c6 {
  box-sizing: border-box;
  font-size: inherit;
  font-family: inherit;
  border: none;
  -webkit-appearance: none;
  background: transparent;
  color: inherit;
  width: 100%;
  padding-left: 5px;
  padding-right: 5px;
  padding-top: 12px;
  padding-bottom: 12px;
  font-weight: 600;
  margin: 0;
  font-size: 16px;
  line-height: 20px;
  border: 1px solid rgba(0,0,0,0.33);
  border-radius: 4px;
  padding-right: 48px;
}

.c6:focus {
  outline: none;
  box-shadow: 0 0 2px 2px #00A9FF;
}

.c6:focus > circle,
.c6:focus > ellipse,
.c6:focus > line,
.c6:focus > path,
.c6:focus > polygon,
.c6:focus > polyline,
.c6:focus > rect {
  outline: none;
  box-shadow: 0 0 2px 2px #00A9FF;
}

.c6:focus::-moz-focus-inner {
  border: 0;
}

.c6::-webkit-input-placeholder {
  color: #AAAAAA;
}

.c6::-moz-placeholder {
  color: #AAAAAA;
}

.c6:-ms-input-placeholder {
  color: #AAAAAA;
}

.c6::-webkit-search-decoration {
  -webkit-appearance: none;
}

.c6::-moz-focus-inner {
  border: none;
  outline: none;
}

.c6:-moz-placeholder,
.c6::-moz-placeholder {
  opacity: 1;
}

.c6::-webkit-input-placeholder {
  font-size: 14px;
}

.c6::-moz-placeholder {
  font-size: 14px;
}

.c6:-ms-input-placeholder {
  font-size: 14px;
}

.c6::placeholder {
  font-size: 14px;
}

.c3 {
  position: relative;
  width: 100%;
}

.c4 {
  position: absolute;
  display: -webkit-box;
  display: -webkit-flex;
  display: -ms-flexbox;
  display: flex;
  -webkit-box-packjustify: center;
  -webkit-justify: center;
  -ms-flex-packjustify: center;
  justify: center;
  top: 50%;
  -webkit-transform: translateY(-50%);
  -ms-transform: translateY(-50%);
  transform: translateY(-50%);
  pointer-events: none;
  right: 6px;
}

.c0 {
  font-family: Rubik,sans-serif;
  font-size: 16px;
  line-height: 20px;
  background-color: #ffffff;
  color: #16213E;
  box-sizing: border-box;
  -webkit-text-size-adjust: 100%;
  -ms-text-size-adjust: 100%;
  -moz-osx-font-smoothing: grayscale;
  -webkit-font-smoothing: antialiased;
}

@media only screen and (max-width:768px) {

}

@media only screen and (max-width:768px) {
  .c7 {
    margin-top: 3px;
  }
}

@media only screen and (max-width:768px) {
  .c1 {
    padding-top: 6px;
  }
}

@media only screen and (max-width:768px) {
  .c13 {
    width: 12px;
  }
}

@media only screen and (max-width:768px) {
  .c9 {
    height: 12px;
  }
}

<div
  class="c0"
  style="min-height: 100dvh;"
>
  <form>
    <div
      class="c1"
    >
      <div
        class="c2"
      >
        <div
          class="c3"
        >
          <div
            class="c4"
          >
            <span
              class="c5"
            >
              TEST
            </span>
          </div>
          <input
            autocomplete="off"
            class="c6"
            data-testid="amount"
            id="amount-id"
            max="0.00000100000000000000"
            min="0"
            name="amount"
            placeholder="common.amount"
            required=""
            step="any"
            type="number"
            value=""
          />
        </div>
        <div
          class="c7"
        >
          <span
            class="c8"
          >
            <span>
              account.reclaimEscrow.reclaimableAmount
               
            </span>
            <span>
              <div
                class="c2"
                style="display: inline-flex; white-space: nowrap; font-family: "Roboto mono", monospace; letter-spacing: 0;"
              >
                0.000001
              </div>
              <span
                class="c5"
              >
                <span
                  class="notranslate"
                  translate="no"
                >
                   TEST
                </span>
              </span>
            </span>
          </span>
        </div>
      </div>
      <div
        class="c9"
      />
      <div
        class="c10"
      >
        <div
          class="c11"
        >
          <button
            class="c12"
            type="submit"
          >
            account.reclaimEscrow.reclaim
          </button>
        </div>
        <div
          class="c13"
        />
        <div
          class="c11"
        >
          <button
            class="c14"
            type="button"
          >
            account.reclaimEscrow.reclaimAll
          </button>
        </div>
      </div>
    </div>
  </form>
</div>
`;
