// Jest Snapshot v1, https://goo.gl/fbAQLP

exports[`<AccountPage  /> should match snapshot 1`] = `
.c13 {
  display: inline-block;
  -webkit-flex: 0 0 auto;
  -ms-flex: 0 0 auto;
  flex: 0 0 auto;
  width: 18px;
  height: 18px;
  fill: currentColor;
  stroke: currentColor;
}

.c13 g {
  fill: inherit;
  stroke: inherit;
}

.c13 *:not([stroke])[fill='none'] {
  stroke-width: 0;
}

.c13 *[stroke*='#'],
.c13 *[STROKE*='#'] {
  stroke: inherit;
  fill: none;
}

.c13 *[fill-rule],
.c13 *[FILL-RULE],
.c13 *[fill*='#'],
.c13 *[FILL*='#'] {
  fill: inherit;
  stroke: none;
}

.c0 {
  font-family: Rubik,sans-serif;
  font-size: 16px;
  line-height: 20px;
  background-color: #ffffff;
  color: #16213E;
  box-sizing: border-box;
  -webkit-text-size-adjust: 100%;
  -ms-text-size-adjust: 100%;
  -moz-osx-font-smoothing: grayscale;
  -webkit-font-smoothing: antialiased;
}

.c1 {
  display: -webkit-box;
  display: -webkit-flex;
  display: -ms-flexbox;
  display: flex;
  box-sizing: border-box;
  max-width: 100%;
  min-width: 0;
  min-height: 0;
  -webkit-flex-direction: column;
  -ms-flex-direction: column;
  flex-direction: column;
  padding: 12px;
}

.c2 {
  display: -webkit-box;
  display: -webkit-flex;
  display: -ms-flexbox;
  display: flex;
  box-sizing: border-box;
  max-width: 100%;
  margin-bottom: 12px;
  min-width: 0;
  min-height: 0;
  -webkit-flex-direction: column;
  -ms-flex-direction: column;
  flex-direction: column;
}

.c3 {
  display: -webkit-box;
  display: -webkit-flex;
  display: -ms-flexbox;
  display: flex;
  box-sizing: border-box;
  max-width: 100%;
  background-color: #FFFFFF;
  color: #16213E;
  border: solid 1px #EDEDED;
  min-width: 0;
  min-height: 0;
  -webkit-flex-direction: column;
  -ms-flex-direction: column;
  flex-direction: column;
  border-radius: 5px;
}

.c4 {
  display: -webkit-box;
  display: -webkit-flex;
  display: -ms-flexbox;
  display: flex;
  box-sizing: border-box;
  max-width: 100%;
  min-width: 0;
  min-height: 0;
  -webkit-flex-direction: row;
  -ms-flex-direction: row;
  flex-direction: row;
  -webkit-flex: 1 1;
  -ms-flex: 1 1;
  flex: 1 1;
  -webkit-box-pack: justify;
  -webkit-justify-content: space-between;
  -ms-flex-pack: justify;
  justify-content: space-between;
  padding: 12px;
}

.c8 {
  display: -webkit-box;
  display: -webkit-flex;
  display: -ms-flexbox;
  display: flex;
  box-sizing: border-box;
  max-width: 100%;
  min-width: 0;
  min-height: 0;
  -webkit-flex-direction: column;
  -ms-flex-direction: column;
  flex-direction: column;
  -webkit-flex: 1 1;
  -ms-flex: 1 1;
  flex: 1 1;
}

.c11 {
  display: -webkit-box;
  display: -webkit-flex;
  display: -ms-flexbox;
  display: flex;
  box-sizing: border-box;
  max-width: 100%;
  min-width: 0;
  min-height: 0;
  -webkit-flex-direction: column;
  -ms-flex-direction: column;
  flex-direction: column;
}

.c16 {
  display: -webkit-box;
  display: -webkit-flex;
  display: -ms-flexbox;
  display: flex;
  box-sizing: border-box;
  max-width: 100%;
  min-width: 0;
  min-height: 0;
  -webkit-flex-direction: row;
  -ms-flex-direction: row;
  flex-direction: row;
  -webkit-flex-wrap: wrap;
  -ms-flex-wrap: wrap;
  flex-wrap: wrap;
}

.c17 {
  display: -webkit-box;
  display: -webkit-flex;
  display: -ms-flexbox;
  display: flex;
  box-sizing: border-box;
  min-width: 0;
  min-height: 0;
  -webkit-flex-direction: column;
  -ms-flex-direction: column;
  flex-direction: column;
  max-width: 100%;
  -webkit-flex: 1 0;
  -ms-flex: 1 0;
  flex: 1 0;
  -webkit-flex-basis: 32ex;
  -ms-flex-preferred-size: 32ex;
  flex-basis: 32ex;
}

.c18 {
  display: -webkit-box;
  display: -webkit-flex;
  display: -ms-flexbox;
  display: flex;
  box-sizing: border-box;
  max-width: 100%;
  margin: 0px;
  min-width: 0;
  min-height: 0;
  -webkit-flex-direction: column;
  -ms-flex-direction: column;
  flex-direction: column;
}

.c20 {
  display: -webkit-box;
  display: -webkit-flex;
  display: -ms-flexbox;
  display: flex;
  box-sizing: border-box;
  max-width: 100%;
  min-width: 0;
  min-height: 0;
  -webkit-flex-direction: column;
  -ms-flex-direction: column;
  flex-direction: column;
  width: 100%;
  height: 100%;
  padding: 24px;
}

.c22 {
  display: -webkit-box;
  display: -webkit-flex;
  display: -ms-flexbox;
  display: flex;
  box-sizing: border-box;
  max-width: 100%;
  border-bottom: solid 1px rgba(0,0,0,0.33);
  min-width: 0;
  min-height: 0;
  -webkit-flex-direction: column;
  -ms-flex-direction: column;
  flex-direction: column;
}

.c28 {
  display: -webkit-box;
  display: -webkit-flex;
  display: -ms-flexbox;
  display: flex;
  box-sizing: border-box;
  max-width: 100%;
  margin-top: 24px;
  min-width: 0;
  min-height: 0;
  -webkit-flex-direction: row;
  -ms-flex-direction: row;
  flex-direction: row;
  -webkit-box-pack: justify;
  -webkit-justify-content: space-between;
  -ms-flex-pack: justify;
  justify-content: space-between;
}

.c30 {
  display: -webkit-box;
  display: -webkit-flex;
  display: -ms-flexbox;
  display: flex;
  box-sizing: border-box;
  min-width: 0;
  min-height: 0;
  -webkit-flex-direction: column;
  -ms-flex-direction: column;
  flex-direction: column;
  max-width: 100%;
  -webkit-flex: 3 0;
  -ms-flex: 3 0;
  flex: 3 0;
  -webkit-flex-basis: 80ex;
  -ms-flex-preferred-size: 80ex;
  flex-basis: 80ex;
}

.c31 {
  display: -webkit-box;
  display: -webkit-flex;
  display: -ms-flexbox;
  display: flex;
  box-sizing: border-box;
  max-width: 100%;
  background-color: #FFFFFF;
  color: #16213E;
  border: solid 1px #EDEDED;
  min-width: 0;
  min-height: 0;
  -webkit-flex-direction: column;
  -ms-flex-direction: column;
  flex-direction: column;
  padding: 48px;
  border-radius: 5px;
}

.c5 {
  display: -webkit-box;
  display: -webkit-flex;
  display: -ms-flexbox;
  display: flex;
  box-sizing: border-box;
  max-width: 100%;
  min-width: 0;
  min-height: 0;
  -webkit-flex-direction: column;
  -ms-flex-direction: column;
  flex-direction: column;
  max-width: 100%;
}

.c6 {
  display: -webkit-box;
  display: -webkit-flex;
  display: -ms-flexbox;
  display: flex;
  box-sizing: border-box;
  max-width: 100%;
  -webkit-align-items: center;
  -webkit-box-align: center;
  -ms-flex-align: center;
  align-items: center;
  min-width: 0;
  min-height: 0;
  -webkit-flex-direction: column;
  -ms-flex-direction: column;
  flex-direction: column;
  padding-right: 12px;
  border-radius: 5px;
}

.c7 {
  display: -webkit-box;
  display: -webkit-flex;
  display: -ms-flexbox;
  display: flex;
  box-sizing: border-box;
  max-width: 100%;
  -webkit-align-items: center;
  -webkit-box-align: center;
  -ms-flex-align: center;
  align-items: center;
  border-bottom: solid 1px #EDEDED;
  min-width: 0;
  min-height: 0;
  -webkit-flex-direction: row;
  -ms-flex-direction: row;
  flex-direction: row;
  width: min(690px,100%);
  -webkit-flex: 1 1;
  -ms-flex: 1 1;
  flex: 1 1;
  padding-bottom: 12px;
}

.c25 {
  -webkit-flex: 0 0 auto;
  -ms-flex: 0 0 auto;
  flex: 0 0 auto;
  -webkit-align-self: stretch;
  -ms-flex-item-align: stretch;
  align-self: stretch;
  height: 24px;
}

.c9 {
  font-size: inherit;
  line-height: normal;
  font-weight: bold;
  word-break: break-word;
}

.c15 {
  font-size: 12px;
  line-height: 18px;
  color: #0500e2;
  font-weight: 600;
}

.c21 {
  margin-left: 12px;
  margin-right: 12px;
  margin-top: 6px;
  margin-bottom: 6px;
  font-size: 16px;
  line-height: 20px;
}

.c32 {
  font-size: 16px;
  line-height: 20px;
}

.c19 {
  font-size: 26px;
  line-height: 32px;
  max-width: 624px;
  font-weight: 600;
  overflow-wrap: break-word;
}

.c29 {
  display: inline-block;
  box-sizing: border-box;
  cursor: pointer;
  font: inherit;
  -webkit-text-decoration: none;
  text-decoration: none;
  margin: 0;
  background: transparent;
  overflow: visible;
  text-transform: none;
  border: 2px solid #0500e2;
  border-radius: 4px;
  color: #16213E;
  padding: 4px 22px;
  font-size: 16px;
  line-height: 20px;
  background-color: #0500e2;
  color: #F8F8F8;
  border-radius: 4px;
  -webkit-transition-property: color,background-color,border-color,box-shadow;
  transition-property: color,background-color,border-color,box-shadow;
  -webkit-transition-duration: 0.1s;
  transition-duration: 0.1s;
  -webkit-transition-timing-function: ease-in-out;
  transition-timing-function: ease-in-out;
  font-weight: bold;
}

.c29:hover {
  box-shadow: 0px 0px 0px 2px #0500e2;
}

.c29:focus {
  outline: none;
  box-shadow: 0 0 2px 2px #00A9FF;
}

.c29:focus > circle,
.c29:focus > ellipse,
.c29:focus > line,
.c29:focus > path,
.c29:focus > polygon,
.c29:focus > polyline,
.c29:focus > rect {
  outline: none;
  box-shadow: 0 0 2px 2px #00A9FF;
}

.c29:focus::-moz-focus-inner {
  border: 0;
}

.c29:focus:not(:focus-visible) {
  outline: none;
  box-shadow: none;
}

.c29:focus:not(:focus-visible) > circle,
.c29:focus:not(:focus-visible) > ellipse,
.c29:focus:not(:focus-visible) > line,
.c29:focus:not(:focus-visible) > path,
.c29:focus:not(:focus-visible) > polygon,
.c29:focus:not(:focus-visible) > polyline,
.c29:focus:not(:focus-visible) > rect {
  outline: none;
  box-shadow: none;
}

.c29:focus:not(:focus-visible)::-moz-focus-inner {
  border: 0;
}

.c10 {
  display: inline-block;
  box-sizing: border-box;
  cursor: pointer;
  font: inherit;
  -webkit-text-decoration: none;
  text-decoration: none;
  margin: 0;
  background: transparent;
  overflow: visible;
  text-transform: none;
  color: inherit;
  outline: none;
  border: none;
  padding: 0;
  text-align: inherit;
}

.c10:focus {
  outline: none;
  box-shadow: 0 0 2px 2px #00A9FF;
}

.c10:focus > circle,
.c10:focus > ellipse,
.c10:focus > line,
.c10:focus > path,
.c10:focus > polygon,
.c10:focus > polyline,
.c10:focus > rect {
  outline: none;
  box-shadow: 0 0 2px 2px #00A9FF;
}

.c10:focus::-moz-focus-inner {
  border: 0;
}

.c10:focus:not(:focus-visible) {
  outline: none;
  box-shadow: none;
}

.c10:focus:not(:focus-visible) > circle,
.c10:focus:not(:focus-visible) > ellipse,
.c10:focus:not(:focus-visible) > line,
.c10:focus:not(:focus-visible) > path,
.c10:focus:not(:focus-visible) > polygon,
.c10:focus:not(:focus-visible) > polyline,
.c10:focus:not(:focus-visible) > rect {
  outline: none;
  box-shadow: none;
}

.c10:focus:not(:focus-visible)::-moz-focus-inner {
  border: 0;
}

.c12 {
  display: -webkit-inline-box;
  display: -webkit-inline-flex;
  display: -ms-inline-flexbox;
  display: inline-flex;
  -webkit-flex-direction: row;
  -ms-flex-direction: row;
  flex-direction: row;
  -webkit-align-items: center;
  -webkit-box-align: center;
  -ms-flex-align: center;
  align-items: center;
  gap: 12px;
  font-weight: 700;
  padding-top: 6px;
  padding-bottom: 6px;
}

.c24 {
  box-sizing: border-box;
  font-size: inherit;
  font-family: inherit;
  border: none;
  -webkit-appearance: none;
  background: transparent;
  color: inherit;
  width: 100%;
  padding-left: 5px;
  padding-right: 5px;
  padding-top: 12px;
  padding-bottom: 12px;
  font-weight: 600;
  margin: 0;
  border: 1px solid rgba(0,0,0,0.33);
  border-radius: 4px;
  outline: none;
  border: none;
}

.c24::-webkit-input-placeholder {
  color: #AAAAAA;
}

.c24::-moz-placeholder {
  color: #AAAAAA;
}

.c24:-ms-input-placeholder {
  color: #AAAAAA;
}

.c24::-webkit-search-decoration {
  -webkit-appearance: none;
}

.c24::-moz-focus-inner {
  border: none;
  outline: none;
}

.c24:-moz-placeholder,
.c24::-moz-placeholder {
  opacity: 1;
}

.c24::-webkit-input-placeholder {
  font-size: 14px;
}

.c24::-moz-placeholder {
  font-size: 14px;
}

.c24:-ms-input-placeholder {
  font-size: 14px;
}

.c24::placeholder {
  font-size: 14px;
}

.c27 {
  box-sizing: border-box;
  font-size: inherit;
  font-family: inherit;
  border: none;
  -webkit-appearance: none;
  background: transparent;
  color: inherit;
  width: 100%;
  padding-left: 5px;
  padding-right: 5px;
  padding-top: 12px;
  padding-bottom: 12px;
  font-weight: 600;
  margin: 0;
  border: 1px solid rgba(0,0,0,0.33);
  border-radius: 4px;
  outline: none;
  border: none;
  padding-right: 48px;
}

.c27::-webkit-input-placeholder {
  color: #AAAAAA;
}

.c27::-moz-placeholder {
  color: #AAAAAA;
}

.c27:-ms-input-placeholder {
  color: #AAAAAA;
}

.c27::-webkit-search-decoration {
  -webkit-appearance: none;
}

.c27::-moz-focus-inner {
  border: none;
  outline: none;
}

.c27:-moz-placeholder,
.c27::-moz-placeholder {
  opacity: 1;
}

.c27::-webkit-input-placeholder {
  font-size: 14px;
}

.c27::-moz-placeholder {
  font-size: 14px;
}

.c27:-ms-input-placeholder {
  font-size: 14px;
}

.c27::placeholder {
  font-size: 14px;
}

.c23 {
  position: relative;
  width: 100%;
}

.c26 {
  position: absolute;
  display: -webkit-box;
  display: -webkit-flex;
  display: -ms-flexbox;
  display: flex;
  -webkit-box-packjustify: center;
  -webkit-justify: center;
  -ms-flex-packjustify: center;
  justify: center;
  top: 50%;
  -webkit-transform: translateY(-50%);
  -ms-transform: translateY(-50%);
  transform: translateY(-50%);
  pointer-events: none;
  right: 6px;
}

.c14 {
  display: -webkit-box;
  display: -webkit-flex;
  display: -ms-flexbox;
  display: flex;
  -webkit-flex-direction: row;
  -ms-flex-direction: row;
  flex-direction: row;
  -webkit-flex-wrap: wrap;
  -ms-flex-wrap: wrap;
  flex-wrap: wrap;
  margin: 6px 0 0;
  padding: 12px 12px 6px;
}

.c14 dt,
.c14 dd {
  margin: 0;
}

.c14 dt:first-of-type,
.c14 dd:first-of-type {
  font-weight: bold;
}

@media only screen and (max-width:768px) {
  .c1 {
    padding: 6px;
  }
}

@media only screen and (max-width:768px) {
  .c2 {
    margin-bottom: 6px;
  }
}

@media only screen and (max-width:768px) {
  .c3 {
    border: solid 1px #EDEDED;
  }
}

@media only screen and (max-width:768px) {
  .c4 {
    -webkit-flex-direction: column;
    -ms-flex-direction: column;
    flex-direction: column;
    -webkit-flex-basis: auto;
    -ms-flex-preferred-size: auto;
    flex-basis: auto;
    -webkit-box-pack: start;
    -webkit-justify-content: flex-start;
    -ms-flex-pack: start;
    justify-content: flex-start;
    -webkit-align-items: stretch;
    -webkit-box-align: stretch;
    -ms-flex-align: stretch;
    align-items: stretch;
  }
}

@media only screen and (max-width:768px) {
  .c4 {
    padding: 6px;
  }
}

@media only screen and (max-width:768px) {

}

@media only screen and (max-width:768px) {

}

@media only screen and (max-width:768px) {

}

@media only screen and (max-width:768px) {

}

@media only screen and (max-width:768px) {
  .c18 {
    margin: 0px;
  }
}

@media only screen and (max-width:768px) {
  .c20 {
    padding: 12px;
  }
}

@media only screen and (max-width:768px) {
  .c22 {
    border-bottom: solid 1px rgba(0,0,0,0.33);
  }
}

@media only screen and (max-width:768px) {
  .c28 {
    margin-top: 12px;
  }
}

@media only screen and (max-width:768px) {
  .c31 {
    border: solid 1px #EDEDED;
  }
}

@media only screen and (max-width:768px) {
  .c31 {
    padding: 24px;
  }
}

@media only screen and (max-width:768px) {
  .c6 {
    padding-right: 6px;
  }
}

@media only screen and (max-width:768px) {
  .c7 {
    border-bottom: solid 1px #EDEDED;
  }
}

@media only screen and (max-width:768px) {
  .c7 {
    padding-bottom: 6px;
  }
}

@media only screen and (max-width:768px) {
  .c25 {
    height: 12px;
  }
}

@media only screen and (max-width:768px) {
  .c19 {
    font-size: 18px;
    line-height: 24px;
    max-width: 432px;
  }
}

@media only screen and (min-width:768px) {
  .c14 dt {
    width: 40%;
  }

  .c14 dd {
    width: 60%;
  }

  .c14 dt:not(:last-of-type),
  .c14 dd:not(:last-of-type) {
    margin-bottom: 6px;
  }
}

@media only screen and (max-width:768px) {
  .c14 dt {
    width: 30%;
  }

  .c14 dd {
    width: 70%;
    text-align: right;
  }

  .c14 dt,
  .c14 dd {
    font-size: 16px;
  }

  .c14 dt:not(:last-of-type),
  .c14 dd:not(:last-of-type) {
    margin-bottom: 3px;
  }
}

<div
  class="c0"
  style="min-height: 100dvh;"
>
  <div
    class="c1"
  >
    <div
      class="c2"
    />
    <div
      class="c3"
    >
      <div
        class="c4"
      >
        <div
          class="c5"
        >
          <div
            class="c6"
          >
            <div
              class="c7"
            >
              <div
                class="c8"
              >
                <span
                  class="c9"
                  style="display: inline-flex; align-items: center; justify-content: space-between; flex: 1;"
                >
                  <button
                    class="c10"
                    data-testid="copy-address-button"
                    type="button"
                  >
                    <div
                      class="c11 c12"
                    >
                      oasis1qz...jghuwk
                      <svg
                        aria-label="Copy"
                        class="c13"
                        viewBox="0 0 24 24"
                      >
                        <path
                          d="M9 15h8-8zm0-4h10H9zm0-4h4-4zm7-6v6h6M6 5H2v18h16v-4m4 0H6V1h11l5 5v13z"
                          fill="none"
                          stroke="#000"
                          stroke-width="2"
                        />
                      </svg>
                    </div>
                  </button>
                </span>
              </div>
            </div>
          </div>
          <dl
            class="c14"
            data-testid="account-balance-summary"
          >
            <dt>
              Total
            </dt>
            <dd
              data-testid="account-balance-total"
            >
              <span>
                <div
                  class="c11"
                  style="display: inline-flex; white-space: nowrap; font-family: "Roboto mono", monospace; letter-spacing: 0;"
                >
                  100.000001111
                </div>
                <span
                  class="c15"
                >
                  <span
                    class="notranslate"
                    translate="no"
                  >
                     TEST
                  </span>
                </span>
              </span>
            </dd>
            <dt>
              Available
            </dt>
            <dd>
              <span>
                <div
                  class="c11"
                  style="display: inline-flex; white-space: nowrap; font-family: "Roboto mono", monospace; letter-spacing: 0;"
                >
                  100.0
                </div>
                <span
                  class="c15"
                >
                  <span
                    class="notranslate"
                    translate="no"
                  >
                     TEST
                  </span>
                </span>
              </span>
            </dd>
            <dt>
               
              Staked
            </dt>
            <dd>
              <span>
                <div
                  class="c11"
                  style="display: inline-flex; white-space: nowrap; font-family: "Roboto mono", monospace; letter-spacing: 0;"
                >
                  0.000001111
                </div>
                <span
                  class="c15"
                >
                  <span
                    class="notranslate"
                    translate="no"
                  >
                     TEST
                  </span>
                </span>
              </span>
            </dd>
            <dt>
              Debonding
            </dt>
            <dd>
              <span>
                <div
                  class="c11"
                  style="display: inline-flex; white-space: nowrap; font-family: "Roboto mono", monospace; letter-spacing: 0;"
                >
                  0.0
                </div>
                <span
                  class="c15"
                >
                  <span
                    class="notranslate"
                    translate="no"
                  >
                     TEST
                  </span>
                </span>
              </span>
            </dd>
          </dl>
        </div>
      </div>
    </div>
    <div
      class="c2"
    />
    <div
      class="c16"
      style="gap: 24px;"
    >
      <div
        class="c17"
      >
        <div
          class="c18"
        >
          <h2
            class="c19"
          >
            Send
          </h2>
          <div
            class="c3"
          >
            <form>
              <div
                class="c20"
              >
                <div
                  class="c2 "
                >
                  <label
                    class="c21"
                    for="recipient-id"
                  >
                    Recipient
                  </label>
                  <div
                    class="c22 "
                  >
                    <div
                      class="c23"
                    >
                      <input
                        aria-autocomplete="list"
                        aria-expanded="false"
                        autocomplete="off"
                        class="c24"
                        id="recipient-id"
                        name="recipient"
                        placeholder="Enter an address"
                        required=""
                        role="combobox"
                        value=""
                      />
                    </div>
                  </div>
                </div>
                <div
                  class="c25"
                />
                <div
                  class="c2 "
                >
                  <label
                    class="c21"
                    for="amount-id"
                  >
                    Amount
                  </label>
                  <div
                    class="c22 "
                  >
                    <div
                      class="c23"
                    >
                      <div
                        class="c26"
                      >
                        <span
                          class="c15"
                        >
                          TEST
                        </span>
                      </div>
                      <input
                        autocomplete="off"
                        class="c27"
                        id="amount-id"
                        min="0"
                        name="amount"
                        placeholder="Enter an amount"
                        required=""
                        step="any"
                        type="number"
                        value=""
                      />
                    </div>
                  </div>
                </div>
                <div
                  class="c25"
                />
                <div
                  class="c28"
                >
                  <button
                    class="c29"
                    type="submit"
                  >
                    Send
                  </button>
                </div>
              </div>
            </form>
          </div>
        </div>
      </div>
      <div
        class="c30"
      >
        <div
          class="c18"
        >
          <h2
            class="c19"
          >
            Activity
          </h2>
          <div
            class="c31"
          >
            <span
              class="c32"
            >
              No transactions found.
            </span>
          </div>
        </div>
      </div>
    </div>
  </div>
</div>
`;

exports[`<AccountPage  /> with missing delegations 1`] = `"Total-Available100.0 TEST Staked-Debonding-"`;
