// Jest Snapshot v1, https://goo.gl/fbAQLP

exports[`<ActiveDelegationList  /> should match snapshot 1`] = `
.c11 {
  display: inline-block;
  -webkit-flex: 0 0 auto;
  -ms-flex: 0 0 auto;
  flex: 0 0 auto;
  width: 20px;
  height: 20px;
  fill: currentColor;
  stroke: currentColor;
}

.c11 g {
  fill: inherit;
  stroke: inherit;
}

.c11 *:not([stroke])[fill='none'] {
  stroke-width: 0;
}

.c11 *[stroke*='#'],
.c11 *[STROKE*='#'] {
  stroke: inherit;
  fill: none;
}

.c11 *[fill-rule],
.c11 *[FILL-RULE],
.c11 *[fill*='#'],
.c11 *[FILL*='#'] {
  fill: inherit;
  stroke: none;
}

.c18 {
  display: inline-block;
  -webkit-flex: 0 0 auto;
  -ms-flex: 0 0 auto;
  flex: 0 0 auto;
  width: 20px;
  height: 20px;
  fill: #2ad5ab;
  stroke: #2ad5ab;
}

.c18 g {
  fill: inherit;
  stroke: inherit;
}

.c18 *:not([stroke])[fill='none'] {
  stroke-width: 0;
}

.c18 *[stroke*='#'],
.c18 *[STROKE*='#'] {
  stroke: inherit;
  fill: none;
}

.c18 *[fill-rule],
.c18 *[FILL-RULE],
.c18 *[fill*='#'],
.c18 *[FILL*='#'] {
  fill: inherit;
  stroke: none;
}

.c0 {
  display: -webkit-box;
  display: -webkit-flex;
  display: -ms-flexbox;
  display: flex;
  box-sizing: border-box;
  max-width: 100%;
  min-width: 0;
  min-height: 0;
  -webkit-flex-direction: column;
  -ms-flex-direction: column;
  flex-direction: column;
}

.c1 {
  display: -webkit-box;
  display: -webkit-flex;
  display: -ms-flexbox;
  display: flex;
  box-sizing: border-box;
  max-width: 100%;
  background-color: #FFFFFF;
  color: #16213E;
  min-width: 0;
  min-height: 0;
  -webkit-flex-direction: column;
  -ms-flex-direction: column;
  flex-direction: column;
  padding: 24px;
}

.c19 {
  font-size: 16px;
  line-height: 20px;
  color: #0500e2;
}

.c4 {
  position: relative;
  box-sizing: border-box;
  display: -webkit-box;
  display: -webkit-flex;
  display: -ms-flexbox;
  display: flex;
  -webkit-flex-direction: column;
  -ms-flex-direction: column;
  flex-direction: column;
  width: 100%;
  height: 100%;
  max-width: 100%;
  color: unset;
  background-color: unset;
}

.c5 {
  display: -webkit-box;
  display: -webkit-flex;
  display: -ms-flexbox;
  display: flex;
  text-align: left;
}

.c6 {
  display: -webkit-box;
  display: -webkit-flex;
  display: -ms-flexbox;
  display: flex;
  -webkit-align-items: stretch;
  -webkit-box-align: stretch;
  -ms-flex-align: stretch;
  align-items: stretch;
  width: 100%;
  background-color: unset;
  min-height: 56px;
  border-bottom-width: 1px;
  border-bottom-color: #AAAAAAaa;
  border-bottom-style: solid;
}

.c7 {
  position: relative;
  display: -webkit-box;
  display: -webkit-flex;
  display: -ms-flexbox;
  display: flex;
  -webkit-align-items: center;
  -webkit-box-align: center;
  -ms-flex-align: center;
  align-items: center;
  box-sizing: border-box;
  line-height: normal;
  font-size: 16px;
  font-weight: 500;
  color: unset;
  padding-left: 16px;
  padding-right: 16px;
}

.c16 {
  position: relative;
  display: -webkit-box;
  display: -webkit-flex;
  display: -ms-flexbox;
  display: flex;
  -webkit-align-items: center;
  -webkit-box-align: center;
  -ms-flex-align: center;
  align-items: center;
  box-sizing: border-box;
  line-height: normal;
  padding-left: 16px;
  padding-right: 16px;
  word-break: break-word;
}

.c8 {
  -webkit-box-flex: 1;
  -webkit-flex-grow: 1;
  -ms-flex-positive: 1;
  flex-grow: 1;
  -webkit-flex-shrink: 0;
  -ms-flex-negative: 0;
  flex-shrink: 0;
  -webkit-flex-basis: 0;
  -ms-flex-preferred-size: 0;
  flex-basis: 0;
  max-width: 100%;
  min-width: 100px;
  min-width: 34px;
  max-width: 34px;
}

.c9 {
  -webkit-box-flex: 1;
  -webkit-flex-grow: 1;
  -ms-flex-positive: 1;
  flex-grow: 1;
  -webkit-flex-shrink: 0;
  -ms-flex-negative: 0;
  flex-shrink: 0;
  -webkit-flex-basis: 0;
  -ms-flex-preferred-size: 0;
  flex-basis: 0;
  max-width: 40ex;
  min-width: 15ex;
}

.c12 {
  -webkit-box-flex: 1;
  -webkit-flex-grow: 1;
  -ms-flex-positive: 1;
  flex-grow: 1;
  -webkit-flex-shrink: 0;
  -ms-flex-negative: 0;
  flex-shrink: 0;
  -webkit-flex-basis: 0;
  -ms-flex-preferred-size: 0;
  flex-basis: 0;
  max-width: 100%;
  min-width: 100px;
  min-width: 28ex;
  max-width: 28ex;
  -webkit-box-pack: end;
  -webkit-justify-content: flex-end;
  -ms-flex-pack: end;
  justify-content: flex-end;
}

.c13 {
  -webkit-box-flex: 1;
  -webkit-flex-grow: 1;
  -ms-flex-positive: 1;
  flex-grow: 1;
  -webkit-flex-shrink: 0;
  -ms-flex-negative: 0;
  flex-shrink: 0;
  -webkit-flex-basis: 0;
  -ms-flex-preferred-size: 0;
  flex-basis: 0;
  max-width: 100%;
  min-width: 100px;
  min-width: 100px;
  max-width: 100px;
  -webkit-box-pack: end;
  -webkit-justify-content: flex-end;
  -ms-flex-pack: end;
  justify-content: flex-end;
}

.c17 {
  font-weight: 400;
}

.c15 {
  display: -webkit-box;
  display: -webkit-flex;
  display: -ms-flexbox;
  display: flex;
  -webkit-align-items: stretch;
  -webkit-box-align: stretch;
  -ms-flex-align: stretch;
  align-items: stretch;
  -webkit-align-content: stretch;
  -ms-flex-line-pack: stretch;
  align-content: stretch;
  width: 100%;
  box-sizing: border-box;
  font-size: 16px;
  color: unset;
  background-color: unset;
  min-height: 48px;
}

.c15:not(:last-of-type) {
  border-bottom-style: solid;
  border-bottom-width: 1px;
  border-bottom-color: #AAAAAAaa;
}

.c15:hover {
  color: unset;
  background-color: #88888833;
  -webkit-transition-duration: 0.15s;
  transition-duration: 0.15s;
  -webkit-transition-property: background-color;
  transition-property: background-color;
  border-bottom-color: unset;
  outline-style: solid;
  outline-width: 1px;
  outline-color: unset;
}

.c15:hover {
  cursor: pointer;
}

.c10 {
  display: -webkit-inline-box;
  display: -webkit-inline-flex;
  display: -ms-inline-flexbox;
  display: inline-flex;
  -webkit-align-items: center;
  -webkit-box-align: center;
  -ms-flex-align: center;
  align-items: center;
  height: 100%;
  line-height: 1;
  -webkit-user-select: none;
  -moz-user-select: none;
  -ms-user-select: none;
  user-select: none;
}

.c10:focus {
  outline: none;
  color: unset;
}

.c10:hover {
  color: unset;
}

.c10 span.__rdt_custom_sort_icon__ i,
.c10 span.__rdt_custom_sort_icon__ svg {
  opacity: 0;
  color: inherit;
  font-size: 18px !important;
  height: 18px !important;
  width: 18px !important;
  -webkit-backface-visibility: hidden;
  backface-visibility: hidden;
  -webkit-transform-style: preserve-3d;
  -ms-transform-style: preserve-3d;
  transform-style: preserve-3d;
  -webkit-transition-duration: 125ms;
  transition-duration: 125ms;
  -webkit-transition-property: -webkit-transform;
  -webkit-transition-property: transform;
  transition-property: transform;
}

.c10 span.__rdt_custom_sort_icon__.asc i,
.c10 span.__rdt_custom_sort_icon__.asc svg {
  -webkit-transform: rotate(180deg);
  -ms-transform: rotate(180deg);
  transform: rotate(180deg);
}

.c10:hover {
  cursor: pointer;
}

.c10:hover span,
.c10:hover span.__rdt_custom_sort_icon__ * {
  opacity: 1;
}

.c14 {
  display: -webkit-box;
  display: -webkit-flex;
  display: -ms-flexbox;
  display: flex;
  -webkit-flex-direction: column;
  -ms-flex-direction: column;
  flex-direction: column;
}

.c2 {
  position: relative;
  width: 100%;
  border-radius: inherit;
  overflow-x: auto;
  overflow-y: hidden;
  min-height: 0;
}

.c3 {
  position: relative;
  width: 100%;
  display: table;
}

@media only screen and (max-width:768px) {

}

@media only screen and (max-width:768px) {
  .c1 {
    padding: 12px;
  }
}

@media only screen and (max-width:768px) {

}

@media screen and (max-width:599px) {
  .c13 {
    display: none;
  }
}

@media only screen and (max-width:768px) {

}

<section
  class="c0"
  data-testid="active-delegations"
>
  <div
    class="c1"
  >
    <div
      class="c2"
    >
      <div
        class="c3"
      >
        <div
          class="c4 rdt_Table"
          role="table"
        >
          <div
            class="c5 rdt_TableHead"
            role="rowgroup"
          >
            <div
              class="c6 rdt_TableHeadRow"
              role="row"
            >
              <div
                class="c7 c8 rdt_TableCol"
              />
              <div
                class="c7 c8 rdt_TableCol"
              />
              <div
                class="c7 c9 rdt_TableCol"
              >
                <div
                  class="c10 rdt_TableCol_Sortable"
                  id="column-name"
                  role="columnheader"
                  tabindex="0"
                >
                  <div>
                    validator.name
                  </div>
                  <span
                    class="asc __rdt_custom_sort_icon__"
                  >
                    <svg
                      aria-label="Down"
                      class="c11"
                      viewBox="0 0 24 24"
                    >
                      <path
                        d="m2 8.35 10.173 9.823L21.997 8"
                        fill="none"
                        stroke="#000"
                        stroke-width="2"
                      />
                    </svg>
                  </span>
                </div>
              </div>
              <div
                class="c7 c12 rdt_TableCol"
              >
                <div
                  class="c10 rdt_TableCol_Sortable"
                  id="column-amount"
                  role="columnheader"
                  tabindex="0"
                >
                  <span
                    class="asc __rdt_custom_sort_icon__"
                  >
                    <svg
                      aria-label="Down"
                      class="c11"
                      viewBox="0 0 24 24"
                    >
                      <path
                        d="m2 8.35 10.173 9.823L21.997 8"
                        fill="none"
                        stroke="#000"
                        stroke-width="2"
                      />
                    </svg>
                  </span>
                  <div>
                    delegations.delegatedAmount
                  </div>
                </div>
              </div>
              <div
                class="c7 c13 rdt_TableCol"
              >
                <div
                  class="c10 rdt_TableCol_Sortable"
                  id="column-fee"
                  role="columnheader"
                  tabindex="0"
                >
                  <span
                    class="asc __rdt_custom_sort_icon__"
                  >
                    <svg
                      aria-label="Down"
                      class="c11"
                      viewBox="0 0 24 24"
                    >
                      <path
                        d="m2 8.35 10.173 9.823L21.997 8"
                        fill="none"
                        stroke="#000"
                        stroke-width="2"
                      />
                    </svg>
                  </span>
                  <div>
                    validator.fee
                  </div>
                </div>
              </div>
            </div>
          </div>
          <div
            class="c14 rdt_TableBody"
            offset="250px"
            role="rowgroup"
          >
            <div
              class="c15 rdt_TableRow"
              id="row-test-validator"
              role="row"
            >
              <div
                class="c16 c8 c17 rdt_TableCell"
                data-tag="allowRowEvents"
                id="cell-icon-test-validator"
                role="gridcell"
              >
                <div />
              </div>
              <div
                class="c16 c8 c17 rdt_TableCell"
                data-tag="allowRowEvents"
                id="cell-status-test-validator"
                role="gridcell"
              >
                <div>
                  <svg
                    aria-label="Status is okay"
                    class="c18"
                    viewBox="0 0 24 24"
                  >
                    <path
                      d="M12 22c5.523 0 10-4.477 10-10S17.523 2 12 2 2 6.477 2 12s4.477 10 10 10zM7 12l4 3 5-7"
                      fill="none"
                      stroke="#000"
                      stroke-width="2"
                    />
                  </svg>
                </div>
              </div>
              <div
                class="c16 c9 c17 rdt_TableCell"
                data-tag="allowRowEvents"
                id="cell-name-test-validator"
                role="gridcell"
              >
                <div>
                  test-validator
                </div>
              </div>
              <div
                class="c16 c12 c17 rdt_TableCell"
                data-tag="allowRowEvents"
                id="cell-amount-test-validator"
                role="gridcell"
              >
                <div>
                  <span>
                    <div
                      class="c0"
                      style="display: inline-flex; white-space: nowrap; font-family: "Roboto mono", monospace; letter-spacing: 0;"
                    >
                      0.00
                    </div>
                    <span
                      class="c19"
                    >
                      <span
                        class="notranslate"
                        translate="no"
                      >
                         TEST
                      </span>
                    </span>
                  </span>
                </div>
              </div>
              <div
                class="c16 c13 c17 rdt_TableCell"
                data-tag="allowRowEvents"
                id="cell-fee-test-validator"
                role="gridcell"
              >
                <div>
                  7%
                </div>
              </div>
            </div>
          </div>
        </div>
      </div>
    </div>
  </div>
</section>
`;
