// Jest Snapshot v1, https://goo.gl/fbAQLP

exports[`<Account  /> should match snapshot 1`] = `
.c15 {
  display: inline-block;
  -webkit-flex: 0 0 auto;
  -ms-flex: 0 0 auto;
  flex: 0 0 auto;
  width: 20px;
  height: 20px;
  fill: #fff;
  stroke: #fff;
}

.c15 g {
  fill: inherit;
  stroke: inherit;
}

.c15 *:not([stroke])[fill='none'] {
  stroke-width: 0;
}

.c15 *[stroke*='#'],
.c15 *[STROKE*='#'] {
  stroke: inherit;
  fill: none;
}

.c15 *[fill-rule],
.c15 *[FILL-RULE],
.c15 *[fill*='#'],
.c15 *[FILL*='#'] {
  fill: inherit;
  stroke: none;
}

.c0 {
  font-family: Rubik,sans-serif;
  font-size: 16px;
  line-height: 20px;
  background-color: #ffffff;
  color: #16213E;
  box-sizing: border-box;
  -webkit-text-size-adjust: 100%;
  -ms-text-size-adjust: 100%;
  -moz-osx-font-smoothing: grayscale;
  -webkit-font-smoothing: antialiased;
}

.c1 {
  display: -webkit-box;
  display: -webkit-flex;
  display: -ms-flexbox;
  display: flex;
  box-sizing: border-box;
  max-width: 100%;
  border: solid 1px #0500e2;
  min-width: 0;
  min-height: 0;
  -webkit-flex-direction: row;
  -ms-flex-direction: row;
  flex-direction: row;
  -webkit-flex: 0 0 auto;
  -ms-flex: 0 0 auto;
  flex: 0 0 auto;
  padding: 12px;
  border-radius: 5px;
  cursor: pointer;
}

.c1:hover {
  background-color: rgba(183,183,183,0.5);
  color: black;
}

.c2 {
  display: -webkit-box;
  display: -webkit-flex;
  display: -ms-flexbox;
  display: flex;
  box-sizing: border-box;
  max-width: 100%;
  -webkit-align-self: center;
  -ms-flex-item-align: center;
  align-self: center;
  min-width: 0;
  min-height: 0;
  -webkit-flex-direction: column;
  -ms-flex-direction: column;
  flex-direction: column;
  padding-left: 12px;
  padding-right: 24px;
}

.c4 {
  display: -webkit-box;
  display: -webkit-flex;
  display: -ms-flexbox;
  display: flex;
  box-sizing: border-box;
  max-width: 100%;
  -webkit-align-items: center;
  -webkit-box-align: center;
  -ms-flex-align: center;
  align-items: center;
  min-width: 0;
  min-height: 0;
  -webkit-flex-direction: column;
  -ms-flex-direction: column;
  flex-direction: column;
  -webkit-box-pack: center;
  -webkit-justify-content: center;
  -ms-flex-pack: center;
  justify-content: center;
}

.c7 {
  display: -webkit-box;
  display: -webkit-flex;
  display: -ms-flexbox;
  display: flex;
  box-sizing: border-box;
  max-width: 100%;
  -webkit-align-items: center;
  -webkit-box-align: center;
  -ms-flex-align: center;
  align-items: center;
  border: solid 2px #16213E;
  min-width: 0;
  min-height: 0;
  -webkit-flex-direction: column;
  -ms-flex-direction: column;
  flex-direction: column;
  height: 20px;
  width: 20px;
  -webkit-box-pack: center;
  -webkit-justify-content: center;
  -ms-flex-pack: center;
  justify-content: center;
  border-radius: 4px;
}

.c8 {
  display: -webkit-box;
  display: -webkit-flex;
  display: -ms-flexbox;
  display: flex;
  box-sizing: border-box;
  max-width: 100%;
  -webkit-align-self: center;
  -ms-flex-item-align: center;
  align-self: center;
  min-width: 0;
  min-height: 0;
  -webkit-flex-direction: column;
  -ms-flex-direction: column;
  flex-direction: column;
  padding-left: 12px;
  padding-right: 12px;
}

.c10 {
  display: -webkit-box;
  display: -webkit-flex;
  display: -ms-flexbox;
  display: flex;
  box-sizing: border-box;
  max-width: 100%;
  min-width: 0;
  min-height: 0;
  -webkit-flex-direction: column;
  -ms-flex-direction: column;
  flex-direction: column;
  width: 100%;
}

.c11 {
  display: -webkit-box;
  display: -webkit-flex;
  display: -ms-flexbox;
  display: flex;
  box-sizing: border-box;
  max-width: 100%;
  min-width: 0;
  min-height: 0;
  -webkit-flex-direction: column;
  -ms-flex-direction: column;
  flex-direction: column;
}

.c12 {
  display: -webkit-box;
  display: -webkit-flex;
  display: -ms-flexbox;
  display: flex;
  box-sizing: border-box;
  max-width: 100%;
  min-width: 0;
  min-height: 0;
  -webkit-flex-direction: row;
  -ms-flex-direction: row;
  flex-direction: row;
  -webkit-flex-wrap: wrap;
  -ms-flex-wrap: wrap;
  flex-wrap: wrap;
}

.c13 {
  display: -webkit-box;
  display: -webkit-flex;
  display: -ms-flexbox;
  display: flex;
  box-sizing: border-box;
  max-width: 100%;
  -webkit-align-items: center;
  -webkit-box-align: center;
  -ms-flex-align: center;
  align-items: center;
  min-width: 0;
  min-height: 0;
  -webkit-flex-direction: row;
  -ms-flex-direction: row;
  flex-direction: row;
}

.c19 {
  display: -webkit-box;
  display: -webkit-flex;
  display: -ms-flexbox;
  display: flex;
  box-sizing: border-box;
  max-width: 100%;
  -webkit-align-self: center;
  -ms-flex-item-align: center;
  align-self: center;
  margin-left: auto;
  min-width: 0;
  min-height: 0;
  -webkit-flex-direction: column;
  -ms-flex-direction: column;
  flex-direction: column;
  height: 24px;
}

.c16 {
  -webkit-flex: 0 0 auto;
  -ms-flex: 0 0 auto;
  flex: 0 0 auto;
  -webkit-align-self: stretch;
  -ms-flex-item-align: stretch;
  align-self: stretch;
  width: 6px;
}

.c18 {
  -webkit-flex: 0 0 auto;
  -ms-flex: 0 0 auto;
  flex: 0 0 auto;
  -webkit-align-self: stretch;
  -ms-flex-item-align: stretch;
  align-self: stretch;
  width: 12px;
}

.c9 {
  font-size: 16px;
  line-height: 20px;
  font-weight: bold;
}

.c17 {
  font-size: 14px;
  line-height: 20px;
}

.c20 {
  font-size: 16px;
  line-height: 20px;
  color: #0500e2;
}

.c3 {
  display: -webkit-box;
  display: -webkit-flex;
  display: -ms-flexbox;
  display: flex;
  -webkit-flex-direction: row;
  -ms-flex-direction: row;
  flex-direction: row;
  -webkit-user-select: none;
  -moz-user-select: none;
  -ms-user-select: none;
  user-select: none;
  width: -webkit-fit-content;
  width: -moz-fit-content;
  width: fit-content;
  cursor: pointer;
  font-size: 14px;
  line-height: 1.25;
}

.c3:hover input:not([disabled]) + div,
.c3:hover input:not([disabled]) + span {
  border-color: #00A9FF;
}

.c6 {
  opacity: 0;
  -moz-appearance: none;
  width: 0;
  height: 0;
  margin: 0;
  cursor: pointer;
}

.c6:checked + span > span {
  left: calc( 40px - 20px );
  background: #0500e2;
}

.c5 {
  -webkit-flex-shrink: 0;
  -ms-flex-negative: 0;
  flex-shrink: 0;
}

.c14 {
  display: -webkit-box;
  display: -webkit-flex;
  display: -ms-flexbox;
  display: flex;
  -webkit-box-pack: center;
  -webkit-justify-content: center;
  -ms-flex-pack: center;
  justify-content: center;
  -webkit-align-items: center;
  -webkit-box-align: center;
  -ms-flex-align: center;
  align-items: center;
  width: 32px;
  height: 32px;
  min-width: 32px;
  border-radius: 50%;
  background-color: #6665D8;
}

@media only screen and (max-width:768px) {
  .c1 {
    border: solid 1px #0500e2;
  }
}

@media only screen and (max-width:768px) {
  .c1 {
    padding: 6px;
  }
}

@media only screen and (max-width:768px) {
  .c2 {
    padding-left: 6px;
  }
}

@media only screen and (max-width:768px) {
  .c2 {
    padding-right: 12px;
  }
}

@media only screen and (max-width:768px) {
  .c7 {
    border: solid 2px #16213E;
  }
}

@media only screen and (max-width:768px) {
  .c8 {
    padding-left: 6px;
  }
}

@media only screen and (max-width:768px) {
  .c8 {
    padding-right: 6px;
  }
}

@media only screen and (max-width:768px) {
  .c19 {
    margin-left: auto;
  }
}

@media only screen and (max-width:768px) {

}

@media only screen and (max-width:768px) {
  .c16 {
    width: 3px;
  }
}

@media only screen and (max-width:768px) {
  .c18 {
    width: 6px;
  }
}

<body>
  <div>
    <div
      class="c0"
      style="min-height: 100dvh;"
    >
      <div
        aria-checked="false"
        class="c1"
        data-testid="account-choice"
        role="checkbox"
        tabindex="0"
      >
        <div
          class="c2"
        >
          <label
            class="c3"
          >
            <div
              class="c4 c5"
            >
              <input
                class="c6"
                hidden=""
                type="checkbox"
              />
              <div
                class="c7 "
              />
            </div>
          </label>
        </div>
        <div
          class="c8"
          style="min-width: 2.5em;"
        >
          <span
            class="c9"
            style="width: 2em;"
          >
            0
          </span>
        </div>
        <div
          class="c10"
        >
          <div
            class="c11"
            data-testid="account-name"
          >
            <span
              class="c9"
            >
              My Account
            </span>
          </div>
          <div
            class="c11"
          >
            <span
              class="c9"
            >
              <span
                class="notranslate"
                translate="no"
              >
                oasis1qq3x...rscnlwxe
              </span>
            </span>
          </div>
          <div
            class="c12"
          >
            <div
              class="c13"
            >
              <div
                class="c14"
                color="#6665D8"
              >
                <svg
                  aria-label="icons.mnemonic"
                  class="c15"
                  viewBox="0 0 24 24"
                >
                  <path
                    d="M3 3v18h18V3zm16 16H5V5h14zM11 7h2v2h-2zM7 7h2v2H7zm8 0h2v2h-2zm-8 4h2v2H7zm4 0h2v2h-2zm4 0h2v2h-2z"
                  />
                </svg>
              </div>
              <div
                class="c16"
              />
              <span
                class="c17"
              >
                (
                m/44'/474'/0'/0'/0'
                )
              </span>
            </div>
            <div
              class="c18"
            />
            <div
              class="c19"
            >
              <span>
                <div
                  class="c11"
                  style="display: inline-flex; white-space: nowrap; font-family: "Roboto mono", monospace; letter-spacing: 0;"
                >
                  0.000001
                </div>
                <span
                  class="c20"
                >
                  <span
                    class="notranslate"
                    translate="no"
                  >
                     TEST
                  </span>
                </span>
              </span>
            </div>
          </div>
        </div>
      </div>
    </div>
  </div>
</body>
`;
